// Jest Snapshot v1, https://goo.gl/fbAQLP

exports[`Pruebas sobre Search Page Debe de mostrarse correctamente con valores por defecto 1`] = `
<div>
  <h1
    class="animate__animated animate__fadeInLeft mt-2"
  >
    Search
  </h1>
  <hr />
  <div
    class="row"
  >
    <div
      class="col-5"
    >
      <h4>
        Searching
      </h4>
      <hr />
      <form
        aria-label="form"
      >
        <input
          autocomplete="off"
          class="form-control"
          name="searchText"
          placeholder="search your hero"
          type="text"
          value=""
        />
      </form>
      <button
        class="btn btn-outline-info mt-2"
      >
        Search
      </button>
    </div>
    <div
      class="col-7"
    >
      <h4>
        Results
      </h4>
      <hr />
      <div
        aria-label="alert-primary"
        class="animate__animated animate__fadeIn alert alert-primary"
      >
        Search a Hero
      </div>
      <div
        aria-label="alert-danger"
        class="animate__animated animate__fadeIn alert alert-danger"
        style="display: none;"
      >
        There are no results with 
        <b />
      </div>
    </div>
  </div>
</div>
`;
